﻿
> cooplance@0.0.0 build
> vite build

[36mvite v7.3.1 [32mbuilding client environment for production...[36m[39m
transforming...
[32mÔ£ô[39m 11 modules transformed.
node.exe : [31mÔ£ù[39m Build failed in 572ms
En línea: 1 Carácter: 1
+ & "C:\Program Files\nodejs/node.exe" "C:\Program Files\nodejs/node_mo ...
+ ~~~~~~~~~~~~~~~~~~~~~~~~~~~~~~~~~~~~~~~~~~~~~~~~~~~~~~~~~~~~~~~~~~~~~
    + CategoryInfo          : NotSpecified: ([31mÔ£ù[39m Build failed in 572ms:String) [], RemoteException
    + FullyQualifiedErrorId : NativeCommandError
 
[31merror during build:
[31m[vite]: Rollup failed to resolve import "@vercel/speed-insights/react" from 
"C:/Users/HP/OneDrive/Desktop/Cooplance/Cooplance-web/src/App.jsx".
This is most likely unintended because it can break your application at runtime.
If you do want to externalize this module explicitly add it to
`build.rollupOptions.external`[31m
    at viteLog 
(file:///C:/Users/HP/OneDrive/Desktop/Cooplance/Cooplance-web/node_modules/vite/dist/node/chunks/config.js:33635:57)
    at 
file:///C:/Users/HP/OneDrive/Desktop/Cooplance/Cooplance-web/node_modules/vite/dist/node/chunks/config.js:33669:73
    at onwarn 
(file:///C:/Users/HP/OneDrive/Desktop/Cooplance/Cooplance-web/node_modules/@vitejs/plugin-react/dist/index.js:76:7)
    at 
file:///C:/Users/HP/OneDrive/Desktop/Cooplance/Cooplance-web/node_modules/vite/dist/node/chunks/config.js:33669:28
    at onRollupLog 
(file:///C:/Users/HP/OneDrive/Desktop/Cooplance/Cooplance-web/node_modules/vite/dist/node/chunks/config.js:33664:63)
    at onLog 
(file:///C:/Users/HP/OneDrive/Desktop/Cooplance/Cooplance-web/node_modules/vite/dist/node/chunks/config.js:33467:4)
    at 
file:///C:/Users/HP/OneDrive/Desktop/Cooplance/Cooplance-web/node_modules/rollup/dist/es/shared/node-entry.js:21028:32
    at Object.logger [as onLog] 
(file:///C:/Users/HP/OneDrive/Desktop/Cooplance/Cooplance-web/node_modules/rollup/dist/es/shared/node-entry.js:23023:9)
    at ModuleLoader.handleInvalidResolvedId (file:///C:/Users/HP/OneDrive/Desktop/Cooplance/Cooplance-web/node_modules/
rollup/dist/es/shared/node-entry.js:21767:26)
    at file:///C:/Users/HP/OneDrive/Desktop/Cooplance/Cooplance-web/node_modules/rollup/dist/es/shared/node-entry.js:21
725:26[39m
